// Bun Snapshot v1, https://goo.gl/fbAQLP

exports[`Describe cls function  Snapshot cls 1`] = `"container"`;
