// Bun Snapshot v1, https://goo.gl/fbAQLP

exports[`BaseInput component ... & make snapshot 1`] = `"<div data-testid="base_input" class="flex flex-col gap-1"><div class="MuiFormControl-root MuiTextField-root css-1u3bzj6-MuiFormControl-root-MuiTextField-root"><label class="MuiFormLabel-root MuiInputLabel-root MuiInputLabel-formControl MuiInputLabel-animated MuiInputLabel-sizeMedium MuiInputLabel-standard MuiFormLabel-colorPrimary MuiInputLabel-root MuiInputLabel-formControl MuiInputLabel-animated MuiInputLabel-sizeMedium MuiInputLabel-standard css-19fz36k-MuiFormLabel-root-MuiInputLabel-root" data-shrink="false" for="input-with-sx" id="input-with-sx-label">Test Label</label><div class="MuiInputBase-root MuiInput-root MuiInput-underline MuiInputBase-colorPrimary MuiInputBase-formControl css-r5in8e-MuiInputBase-root-MuiInput-root"><input aria-invalid="false" id="input-with-sx" name="testName" type="text" class="MuiInputBase-input MuiInput-input css-1o3an4k-MuiInputBase-input-MuiInput-input" value=""></div></div></div>"`;

exports[`BaseInput component ... & displays error message when formError is present 1`] = `"<div data-testid="base_input" class="flex flex-col gap-1"><div class="MuiFormControl-root MuiTextField-root css-1u3bzj6-MuiFormControl-root-MuiTextField-root"><label class="MuiFormLabel-root MuiInputLabel-root MuiInputLabel-formControl MuiInputLabel-animated MuiInputLabel-sizeMedium MuiInputLabel-standard MuiFormLabel-colorPrimary MuiInputLabel-root MuiInputLabel-formControl MuiInputLabel-animated MuiInputLabel-sizeMedium MuiInputLabel-standard css-19fz36k-MuiFormLabel-root-MuiInputLabel-root" data-shrink="false" for="input-with-sx" id="input-with-sx-label">Test Label</label><div class="MuiInputBase-root MuiInput-root MuiInput-underline MuiInputBase-colorPrimary MuiInputBase-formControl css-r5in8e-MuiInputBase-root-MuiInput-root"><input aria-invalid="false" id="input-with-sx" name="testName" type="text" class="MuiInputBase-input MuiInput-input css-1o3an4k-MuiInputBase-input-MuiInput-input" value=""></div></div><span class="text-red-600" data-testid="base_input_message" style="opacity: 0; background-color: white; transform: translateY(-15px) translateZ(0);">This is an error message</span></div>"`;
